###############################################################################
#
# IAR ELF Linker V8.32.1.169/W32 for ARM                  22/Feb/2020  02:13:18
# Copyright 2007-2018 IAR Systems AB.
#
#    Output file  =  
#        G:\C_file\GNNC_File\STM32F030CCT6_IR_ARRAY\EWARM\STM32F030CCT6_IR_ARRAY\Exe\STM32F030CCT6_IR_ARRAY.out
#    Map file     =  
#        G:\C_file\GNNC_File\STM32F030CCT6_IR_ARRAY\EWARM\STM32F030CCT6_IR_ARRAY\List\STM32F030CCT6_IR_ARRAY.map
#    Command line =  
#        -f C:\Users\47282\AppData\Local\Temp\EWF4F1.tmp
#        (G:\C_file\GNNC_File\STM32F030CCT6_IR_ARRAY\EWARM\STM32F030CCT6_IR_ARRAY\Obj\8025t_drv.o
#        G:\C_file\GNNC_File\STM32F030CCT6_IR_ARRAY\EWARM\STM32F030CCT6_IR_ARRAY\Obj\CircularQueue.o
#        G:\C_file\GNNC_File\STM32F030CCT6_IR_ARRAY\EWARM\STM32F030CCT6_IR_ARRAY\Obj\cmsis_os.o
#        G:\C_file\GNNC_File\STM32F030CCT6_IR_ARRAY\EWARM\STM32F030CCT6_IR_ARRAY\Obj\croutine.o
#        G:\C_file\GNNC_File\STM32F030CCT6_IR_ARRAY\EWARM\STM32F030CCT6_IR_ARRAY\Obj\debug_queue.o
#        G:\C_file\GNNC_File\STM32F030CCT6_IR_ARRAY\EWARM\STM32F030CCT6_IR_ARRAY\Obj\debugPrintf.o
#        G:\C_file\GNNC_File\STM32F030CCT6_IR_ARRAY\EWARM\STM32F030CCT6_IR_ARRAY\Obj\debugPrintfTask.o
#        G:\C_file\GNNC_File\STM32F030CCT6_IR_ARRAY\EWARM\STM32F030CCT6_IR_ARRAY\Obj\dma.o
#        G:\C_file\GNNC_File\STM32F030CCT6_IR_ARRAY\EWARM\STM32F030CCT6_IR_ARRAY\Obj\event_groups.o
#        G:\C_file\GNNC_File\STM32F030CCT6_IR_ARRAY\EWARM\STM32F030CCT6_IR_ARRAY\Obj\freertos.o
#        G:\C_file\GNNC_File\STM32F030CCT6_IR_ARRAY\EWARM\STM32F030CCT6_IR_ARRAY\Obj\gpio.o
#        G:\C_file\GNNC_File\STM32F030CCT6_IR_ARRAY\EWARM\STM32F030CCT6_IR_ARRAY\Obj\i2c.o
#        G:\C_file\GNNC_File\STM32F030CCT6_IR_ARRAY\EWARM\STM32F030CCT6_IR_ARRAY\Obj\iwdg.o
#        G:\C_file\GNNC_File\STM32F030CCT6_IR_ARRAY\EWARM\STM32F030CCT6_IR_ARRAY\Obj\list.o
#        G:\C_file\GNNC_File\STM32F030CCT6_IR_ARRAY\EWARM\STM32F030CCT6_IR_ARRAY\Obj\main.o
#        G:\C_file\GNNC_File\STM32F030CCT6_IR_ARRAY\EWARM\STM32F030CCT6_IR_ARRAY\Obj\modbus_bytes.o
#        G:\C_file\GNNC_File\STM32F030CCT6_IR_ARRAY\EWARM\STM32F030CCT6_IR_ARRAY\Obj\modbus_CRC.o
#        G:\C_file\GNNC_File\STM32F030CCT6_IR_ARRAY\EWARM\STM32F030CCT6_IR_ARRAY\Obj\modbus_master.o
#        G:\C_file\GNNC_File\STM32F030CCT6_IR_ARRAY\EWARM\STM32F030CCT6_IR_ARRAY\Obj\modbus_master_fill_msg.o
#        G:\C_file\GNNC_File\STM32F030CCT6_IR_ARRAY\EWARM\STM32F030CCT6_IR_ARRAY\Obj\modbus_master_parse_msg.o
#        G:\C_file\GNNC_File\STM32F030CCT6_IR_ARRAY\EWARM\STM32F030CCT6_IR_ARRAY\Obj\modbus_reg.o
#        G:\C_file\GNNC_File\STM32F030CCT6_IR_ARRAY\EWARM\STM32F030CCT6_IR_ARRAY\Obj\modbus_slave.o
#        G:\C_file\GNNC_File\STM32F030CCT6_IR_ARRAY\EWARM\STM32F030CCT6_IR_ARRAY\Obj\modbus_slave_read.o
#        G:\C_file\GNNC_File\STM32F030CCT6_IR_ARRAY\EWARM\STM32F030CCT6_IR_ARRAY\Obj\modbus_slave_serial.o
#        G:\C_file\GNNC_File\STM32F030CCT6_IR_ARRAY\EWARM\STM32F030CCT6_IR_ARRAY\Obj\modbus_slave_write.o
#        G:\C_file\GNNC_File\STM32F030CCT6_IR_ARRAY\EWARM\STM32F030CCT6_IR_ARRAY\Obj\peripheral.o
#        G:\C_file\GNNC_File\STM32F030CCT6_IR_ARRAY\EWARM\STM32F030CCT6_IR_ARRAY\Obj\port.o
#        G:\C_file\GNNC_File\STM32F030CCT6_IR_ARRAY\EWARM\STM32F030CCT6_IR_ARRAY\Obj\portasm.o
#        G:\C_file\GNNC_File\STM32F030CCT6_IR_ARRAY\EWARM\STM32F030CCT6_IR_ARRAY\Obj\queue.o
#        G:\C_file\GNNC_File\STM32F030CCT6_IR_ARRAY\EWARM\STM32F030CCT6_IR_ARRAY\Obj\SCREEN_1.8_drv.o
#        G:\C_file\GNNC_File\STM32F030CCT6_IR_ARRAY\EWARM\STM32F030CCT6_IR_ARRAY\Obj\startup_stm32f030xc.o
#        G:\C_file\GNNC_File\STM32F030CCT6_IR_ARRAY\EWARM\STM32F030CCT6_IR_ARRAY\Obj\stm32f0xx_hal.o
#        G:\C_file\GNNC_File\STM32F030CCT6_IR_ARRAY\EWARM\STM32F030CCT6_IR_ARRAY\Obj\stm32f0xx_hal_cortex.o
#        G:\C_file\GNNC_File\STM32F030CCT6_IR_ARRAY\EWARM\STM32F030CCT6_IR_ARRAY\Obj\stm32f0xx_hal_dma.o
#        G:\C_file\GNNC_File\STM32F030CCT6_IR_ARRAY\EWARM\STM32F030CCT6_IR_ARRAY\Obj\stm32f0xx_hal_exti.o
#        G:\C_file\GNNC_File\STM32F030CCT6_IR_ARRAY\EWARM\STM32F030CCT6_IR_ARRAY\Obj\stm32f0xx_hal_flash.o
#        G:\C_file\GNNC_File\STM32F030CCT6_IR_ARRAY\EWARM\STM32F030CCT6_IR_ARRAY\Obj\stm32f0xx_hal_flash_ex.o
#        G:\C_file\GNNC_File\STM32F030CCT6_IR_ARRAY\EWARM\STM32F030CCT6_IR_ARRAY\Obj\stm32f0xx_hal_gpio.o
#        G:\C_file\GNNC_File\STM32F030CCT6_IR_ARRAY\EWARM\STM32F030CCT6_IR_ARRAY\Obj\stm32f0xx_hal_i2c.o
#        G:\C_file\GNNC_File\STM32F030CCT6_IR_ARRAY\EWARM\STM32F030CCT6_IR_ARRAY\Obj\stm32f0xx_hal_i2c_ex.o
#        G:\C_file\GNNC_File\STM32F030CCT6_IR_ARRAY\EWARM\STM32F030CCT6_IR_ARRAY\Obj\stm32f0xx_hal_iwdg.o
#        G:\C_file\GNNC_File\STM32F030CCT6_IR_ARRAY\EWARM\STM32F030CCT6_IR_ARRAY\Obj\stm32f0xx_hal_msp.o
#        G:\C_file\GNNC_File\STM32F030CCT6_IR_ARRAY\EWARM\STM32F030CCT6_IR_ARRAY\Obj\stm32f0xx_hal_pwr.o
#        G:\C_file\GNNC_File\STM32F030CCT6_IR_ARRAY\EWARM\STM32F030CCT6_IR_ARRAY\Obj\stm32f0xx_hal_pwr_ex.o
#        G:\C_file\GNNC_File\STM32F030CCT6_IR_ARRAY\EWARM\STM32F030CCT6_IR_ARRAY\Obj\stm32f0xx_hal_rcc.o
#        G:\C_file\GNNC_File\STM32F030CCT6_IR_ARRAY\EWARM\STM32F030CCT6_IR_ARRAY\Obj\stm32f0xx_hal_rcc_ex.o
#        G:\C_file\GNNC_File\STM32F030CCT6_IR_ARRAY\EWARM\STM32F030CCT6_IR_ARRAY\Obj\stm32f0xx_hal_tim.o
#        G:\C_file\GNNC_File\STM32F030CCT6_IR_ARRAY\EWARM\STM32F030CCT6_IR_ARRAY\Obj\stm32f0xx_hal_tim_ex.o
#        G:\C_file\GNNC_File\STM32F030CCT6_IR_ARRAY\EWARM\STM32F030CCT6_IR_ARRAY\Obj\stm32f0xx_hal_timebase_tim.o
#        G:\C_file\GNNC_File\STM32F030CCT6_IR_ARRAY\EWARM\STM32F030CCT6_IR_ARRAY\Obj\stm32f0xx_hal_uart.o
#        G:\C_file\GNNC_File\STM32F030CCT6_IR_ARRAY\EWARM\STM32F030CCT6_IR_ARRAY\Obj\stm32f0xx_hal_uart_ex.o
#        G:\C_file\GNNC_File\STM32F030CCT6_IR_ARRAY\EWARM\STM32F030CCT6_IR_ARRAY\Obj\stm32f0xx_it.o
#        G:\C_file\GNNC_File\STM32F030CCT6_IR_ARRAY\EWARM\STM32F030CCT6_IR_ARRAY\Obj\stream_buffer.o
#        G:\C_file\GNNC_File\STM32F030CCT6_IR_ARRAY\EWARM\STM32F030CCT6_IR_ARRAY\Obj\system_stm32f0xx.o
#        G:\C_file\GNNC_File\STM32F030CCT6_IR_ARRAY\EWARM\STM32F030CCT6_IR_ARRAY\Obj\tasks.o
#        G:\C_file\GNNC_File\STM32F030CCT6_IR_ARRAY\EWARM\STM32F030CCT6_IR_ARRAY\Obj\tim.o
#        G:\C_file\GNNC_File\STM32F030CCT6_IR_ARRAY\EWARM\STM32F030CCT6_IR_ARRAY\Obj\timers.o
#        G:\C_file\GNNC_File\STM32F030CCT6_IR_ARRAY\EWARM\STM32F030CCT6_IR_ARRAY\Obj\UART_Port.o
#        G:\C_file\GNNC_File\STM32F030CCT6_IR_ARRAY\EWARM\STM32F030CCT6_IR_ARRAY\Obj\usart.o
#        --redirect _Printf=_PrintfFull --redirect _Scanf=_ScanfFull
#        --no_out_extension -o
#        G:\C_file\GNNC_File\STM32F030CCT6_IR_ARRAY\EWARM\STM32F030CCT6_IR_ARRAY\Exe\STM32F030CCT6_IR_ARRAY.out
#        --map
#        G:\C_file\GNNC_File\STM32F030CCT6_IR_ARRAY\EWARM\STM32F030CCT6_IR_ARRAY\List\STM32F030CCT6_IR_ARRAY.map
#        --config
#        G:\C_file\GNNC_File\STM32F030CCT6_IR_ARRAY\EWARM/stm32f030xc_flash.icf
#        --semihosting --entry __iar_program_start --vfe --text_out locale)
#
###############################################################################

*******************************************************************************
*** RUNTIME MODEL ATTRIBUTES
***

CppFlavor       = *
__Heap_Handler  = NoFree
__SystemLibrary = DLib
__dlib_version  = 6


*******************************************************************************
*** HEAP SELECTION
***

The no free heap was selected because no calls to memory
deallocation functions were found in the application.


*******************************************************************************
*** PLACEMENT SUMMARY
***

"A0":  place at 0x800'0000 { ro section .intvec };
"P1":  place in [from 0x800'0000 to 0x803'ffff] { ro };
define block CSTACK with size = 1K, alignment = 8 { };
define block HEAP with size = 512, alignment = 8 { };
"P2":  place in [from 0x2000'0000 to 0x2000'7fff] {
          rw, block CSTACK, block HEAP };
initialize by copy { rw };

  Section            Kind         Address    Size  Object
  -------            ----         -------    ----  ------
"A0":                                        0xc0
  .intvec            ro code   0x800'0000    0xc0  startup_stm32f030xc.o [1]
                             - 0x800'00c0    0xc0

"P1":                                      0x2cd8
  .text              ro code   0x800'00c0   0x74a  stm32f0xx_hal_tim.o [1]
  .text              ro code   0x800'080a     0x2  startup_stm32f030xc.o [1]
  .text              ro code   0x800'080c   0x140  tim.o [1]
  .text              ro code   0x800'094c     0x2  stm32f0xx_hal_tim.o [1]
  .text              ro code   0x800'094e     0x2  startup_stm32f030xc.o [1]
  .text              ro code   0x800'0950   0x17c  stm32f0xx_hal_dma.o [1]
  .text              ro code   0x800'0acc     0x2  stm32f0xx_hal_tim.o [1]
  .text              ro code   0x800'0ace     0x2  stm32f0xx_hal_tim.o [1]
  .text              ro code   0x800'0ad0     0x2  stm32f0xx_hal_tim.o [1]
  .text              ro code   0x800'0ad2     0x2  stm32f0xx_hal_tim.o [1]
  .text              ro code   0x800'0ad4    0xbe  main.o [1]
  .text              ro code   0x800'0b92     0x2  stm32f0xx_hal_tim_ex.o [1]
  .text              ro code   0x800'0b94     0x2  stm32f0xx_hal_tim.o [1]
  .text              ro code   0x800'0b96     0x2  stm32f0xx_hal_tim_ex.o [1]
  .text              ro code   0x800'0b98    0x10  ABImemset_small.o [4]
  .text              ro code   0x800'0ba8    0x64  stm32f0xx_hal_tim_ex.o [1]
  .text              ro code   0x800'0c0c   0x178  stm32f0xx_hal_gpio.o [1]
  .text              ro code   0x800'0d84    0x36  I32DivMod.o [4]
  .text              ro code   0x800'0dba     0x2  startup_stm32f030xc.o [1]
  .text              ro code   0x800'0dbc    0x20  stm32f0xx_hal.o [1]
  .text              ro code   0x800'0ddc    0x74  gpio.o [1]
  .text              ro code   0x800'0e50    0x3c  dma.o [1]
  .text              ro code   0x800'0e8c   0x2cc  usart.o [1]
  .text              ro code   0x800'1158    0xbc  i2c.o [1]
  .text              ro code   0x800'1214    0x34  iwdg.o [1]
  .text              ro code   0x800'1248   0x260  freertos.o [1]
  .text              ro code   0x800'14a8    0x68  cmsis_os.o [1]
  .text              ro code   0x800'1510   0x578  stm32f0xx_hal_rcc.o [1]
  .text              ro code   0x800'1a88    0xfc  stm32f0xx_hal_rcc_ex.o [1]
  .text              ro code   0x800'1b84    0x10  stm32f0xx_hal.o [1]
  .text              ro code   0x800'1b94     0x2  IntDivZer.o [4]
  .text              ro code   0x800'1b96     0x2  startup_stm32f030xc.o [1]
  .text              ro code   0x800'1b98    0x7c  stm32f0xx_hal_timebase_tim.o [1]
  .text              ro code   0x800'1c14    0x38  stm32f0xx_hal_msp.o [1]
  .text              ro code   0x800'1c4c    0x60  stm32f0xx_hal_cortex.o [1]
  .text              ro code   0x800'1cac   0x560  stm32f0xx_hal_uart.o [1]
  .text              ro code   0x800'220c    0xb4  stm32f0xx_hal_i2c.o [1]
  .text              ro code   0x800'22c0    0x8c  stm32f0xx_hal_i2c_ex.o [1]
  .text              ro code   0x800'234c    0x58  stm32f0xx_hal_iwdg.o [1]
  .text              ro code   0x800'23a4    0x34  ABImemcpy.o [4]
  .text              ro code   0x800'23d8   0x4ac  tasks.o [1]
  .text              ro code   0x800'2884    0xd0  queue.o [1]
  .text              ro code   0x800'2954     0xc  stm32f0xx_hal.o [1]
  .text              ro code   0x800'2960     0x2  stm32f0xx_hal_uart.o [1]
  .text              ro code   0x800'2962     0x2  stm32f0xx_hal_uart.o [1]
  .text              ro code   0x800'2964    0x96  list.o [1]
  .text              ro code   0x800'29fa     0x2  startup_stm32f030xc.o [1]
  .text              ro code   0x800'29fc    0xe4  port.o [1]
  CODE               ro code   0x800'2ae0    0x7c  portasm.o [1]
  .text              ro code   0x800'2b5c    0x78  stm32f0xx_it.o [1]
  .rodata            const     0x800'2bd4    0x58  freertos.o [1]
  .text              ro code   0x800'2c2c    0x3c  zero_init3.o [4]
  .text              ro code   0x800'2c68    0x30  copy_init3.o [4]
  .text              ro code   0x800'2c98    0x28  data_init.o [4]
  .iar.init_table    const     0x800'2cc0    0x24  - Linker created -
  .text              ro code   0x800'2ce4    0x1e  cmain.o [4]
  .text              ro code   0x800'2d02     0x4  low_level_init.o [2]
  .text              ro code   0x800'2d06     0x8  exit.o [2]
  .text              ro code   0x800'2d0e     0x2  startup_stm32f030xc.o [1]
  .text              ro code   0x800'2d10     0xa  cexit.o [4]
  .text              ro code   0x800'2d1a     0x2  startup_stm32f030xc.o [1]
  .text              ro code   0x800'2d1c    0x14  exit.o [5]
  .text              ro code   0x800'2d30    0x14  system_stm32f0xx.o [1]
  Initializer bytes  const     0x800'2d44    0x14  <for P2-1>
  .text              ro code   0x800'2d58    0x10  startup_stm32f030xc.o [1]
  .text              ro code   0x800'2d68     0xc  cstartup_M.o [4]
  .rodata            const     0x800'2d74     0x8  system_stm32f0xx.o [1]
  .text              ro code   0x800'2d7c     0x2  startup_stm32f030xc.o [1]
  .text              ro code   0x800'2d7e     0x2  startup_stm32f030xc.o [1]
  .text              ro code   0x800'2d80     0x2  startup_stm32f030xc.o [1]
  .text              ro code   0x800'2d82     0x2  startup_stm32f030xc.o [1]
  .text              ro code   0x800'2d84     0x2  startup_stm32f030xc.o [1]
  .text              ro code   0x800'2d86     0x2  startup_stm32f030xc.o [1]
  .text              ro code   0x800'2d88     0x2  startup_stm32f030xc.o [1]
  .text              ro code   0x800'2d8a     0x2  startup_stm32f030xc.o [1]
  .text              ro code   0x800'2d8c     0x2  startup_stm32f030xc.o [1]
  .text              ro code   0x800'2d8e     0x2  startup_stm32f030xc.o [1]
  .text              ro code   0x800'2d90     0x2  startup_stm32f030xc.o [1]
  .text              ro code   0x800'2d92     0x2  startup_stm32f030xc.o [1]
  .text              ro code   0x800'2d94     0x2  startup_stm32f030xc.o [1]
  .text              ro code   0x800'2d96     0x2  startup_stm32f030xc.o [1]
  .rodata            const     0x800'2d98     0x0  zero_init3.o [4]
  .rodata            const     0x800'2d98     0x0  copy_init3.o [4]
                             - 0x800'2d98  0x2cd8

"P2", part 1 of 3:                           0x14
  P2-1                        0x2000'0000    0x14  <Init block>
    .data            inited   0x2000'0000     0x4  port.o [1]
    .data            inited   0x2000'0004     0xc  stm32f0xx_hal.o [1]
    .data            inited   0x2000'0010     0x4  system_stm32f0xx.o [1]
                            - 0x2000'0014    0x14

"P2", part 2 of 3:                         0x1a10
  .bss               zero     0x2000'0014   0x254  freertos.o [1]
  .bss               zero     0x2000'0268   0x200  freertos.o [1]
  .bss               zero     0x2000'0468   0x200  freertos.o [1]
  .bss               zero     0x2000'0668   0x200  freertos.o [1]
  .bss               zero     0x2000'0868   0x200  freertos.o [1]
  .bss               zero     0x2000'0a68   0x200  freertos.o [1]
  .bss               zero     0x2000'0c68   0x200  freertos.o [1]
  .bss               zero     0x2000'0e68   0x200  freertos.o [1]
  .bss               zero     0x2000'1068    0x9c  tasks.o [1]
  .bss               zero     0x2000'1104    0x8c  tasks.o [1]
  .bss               zero     0x2000'1190    0x88  usart.o [1]
  .bss               zero     0x2000'1218    0x80  usart.o [1]
  .bss               zero     0x2000'1298    0x80  usart.o [1]
  .bss               zero     0x2000'1318    0x80  usart.o [1]
  .bss               zero     0x2000'1398    0x80  usart.o [1]
  .bss               zero     0x2000'1418    0x80  usart.o [1]
  .bss               zero     0x2000'1498    0x80  usart.o [1]
  .bss               zero     0x2000'1518    0x54  freertos.o [1]
  .bss               zero     0x2000'156c    0x54  freertos.o [1]
  .bss               zero     0x2000'15c0    0x54  freertos.o [1]
  .bss               zero     0x2000'1614    0x54  freertos.o [1]
  .bss               zero     0x2000'1668    0x54  freertos.o [1]
  .bss               zero     0x2000'16bc    0x54  freertos.o [1]
  .bss               zero     0x2000'1710    0x54  freertos.o [1]
  .bss               zero     0x2000'1764    0x4c  i2c.o [1]
  .bss               zero     0x2000'17b0    0x48  freertos.o [1]
  .bss               zero     0x2000'17f8    0x48  freertos.o [1]
  .bss               zero     0x2000'1840    0x48  freertos.o [1]
  .bss               zero     0x2000'1888    0x48  freertos.o [1]
  .bss               zero     0x2000'18d0    0x48  freertos.o [1]
  .bss               zero     0x2000'1918    0x48  freertos.o [1]
  .bss               zero     0x2000'1960    0x40  stm32f0xx_hal_timebase_tim.o [1]
  .bss               zero     0x2000'19a0    0x40  tim.o [1]
  .bss               zero     0x2000'19e0    0x34  freertos.o [1]
  .bss               zero     0x2000'1a14    0x10  iwdg.o [1]
                            - 0x2000'1a24  0x1a10

"P2", part 3 of 3:                          0x400
  CSTACK                      0x2000'1a28   0x400  <Block>
    CSTACK           uninit   0x2000'1a28   0x400  <Block tail>
                            - 0x2000'1e28   0x400

Unused ranges:

         From           To      Size
         ----           --      ----
   0x800'2d98   0x803'ffff  0x3'd268
  0x2000'1a24  0x2000'1a27       0x4
  0x2000'1e28  0x2000'7fff    0x61d8


*******************************************************************************
*** INIT TABLE
***

          Address      Size
          -------      ----
Zero (__iar_zero_init3)
    1 destination range, total size 0x1a10:
          0x2000'0014  0x1a10

Copy (__iar_copy_init3)
    1 source range, total size 0x14:
           0x800'2d44    0x14
    1 destination range, total size 0x14:
          0x2000'0000    0x14



*******************************************************************************
*** MODULE SUMMARY
***

    Module                        ro code  ro data  rw data
    ------                        -------  -------  -------
command line/config:
    -------------------------------------------------------
    Total:

G:\C_file\GNNC_File\STM32F030CCT6_IR_ARRAY\EWARM\STM32F030CCT6_IR_ARRAY\Obj: [1]
    cmsis_os.o                        104
    dma.o                              60
    freertos.o                        608       88    5 252
    gpio.o                            116
    i2c.o                             188                76
    iwdg.o                             52                16
    list.o                            150
    main.o                            190
    port.o                            228        4        4
    portasm.o                         124
    queue.o                           208
    startup_stm32f030xc.o             250
    stm32f0xx_hal.o                    60       12       12
    stm32f0xx_hal_cortex.o             96
    stm32f0xx_hal_dma.o               380
    stm32f0xx_hal_gpio.o              376
    stm32f0xx_hal_i2c.o               180
    stm32f0xx_hal_i2c_ex.o            140
    stm32f0xx_hal_iwdg.o               88
    stm32f0xx_hal_msp.o                56
    stm32f0xx_hal_rcc.o             1 400
    stm32f0xx_hal_rcc_ex.o            252
    stm32f0xx_hal_tim.o             1 878
    stm32f0xx_hal_tim_ex.o            104
    stm32f0xx_hal_timebase_tim.o      124                64
    stm32f0xx_hal_uart.o            1 380
    stm32f0xx_it.o                    120
    system_stm32f0xx.o                 20       12        4
    tasks.o                         1 196               296
    tim.o                             320                64
    usart.o                           716               904
    -------------------------------------------------------
    Total:                         11 164      116    6 692

dl6M_tlf.a: [2]
    exit.o                              8
    low_level_init.o                    4
    -------------------------------------------------------
    Total:                             12

m6M_tl.a: [3]
    -------------------------------------------------------
    Total:

rt6M_tl.a: [4]
    ABImemcpy.o                        52
    ABImemset_small.o                  16
    I32DivMod.o                        54
    IntDivZer.o                         2
    cexit.o                            10
    cmain.o                            30
    copy_init3.o                       48
    cstartup_M.o                       12
    data_init.o                        40
    zero_init3.o                       60
    -------------------------------------------------------
    Total:                            324

shb_l.a: [5]
    exit.o                             20
    -------------------------------------------------------
    Total:                             20

    Linker created                              36    1 024
-----------------------------------------------------------
    Grand Total:                   11 520      152    7 716


*******************************************************************************
*** ENTRY LIST
***

Entry                       Address   Size  Type      Object
-----                       -------   ----  ----      ------
.iar.init_table$$Base    0x800'2cc0          --   Gb  - Linker created -
.iar.init_table$$Limit   0x800'2ce4          --   Gb  - Linker created -
?main                    0x800'2ce5         Code  Gb  cmain.o [4]
AHBPrescTable            0x800'2d34   0x10  Data  Gb  system_stm32f0xx.o [1]
APBPrescTable            0x800'2d74    0x8  Data  Gb  system_stm32f0xx.o [1]
CSTACK$$Base            0x2000'1a28          --   Gb  - Linker created -
CSTACK$$Limit           0x2000'1e28          --   Gb  - Linker created -
DMA1_Channel2_3_IRQHandler
                         0x800'2b61    0xa  Code  Gb  stm32f0xx_it.o [1]
DMA1_Channel4_5_IRQHandler
                         0x800'2b6b    0xa  Code  Gb  stm32f0xx_it.o [1]
DMA_CalcBaseAndBitshift
                         0x800'0aa9   0x1a  Code  Lc  stm32f0xx_hal_dma.o [1]
DisplayTaskBuffer       0x2000'0e68  0x200  Data  Gb  freertos.o [1]
DisplayTaskControlBlock
                        0x2000'1710   0x54  Data  Gb  freertos.o [1]
DisplayTaskHandle       0x2000'19f8    0x4  Data  Gb  freertos.o [1]
Error_Handler            0x800'0b91    0x2  Code  Gb  main.o [1]
HAL_DMA_Abort_IT         0x800'09a1   0x48  Code  Gb  stm32f0xx_hal_dma.o [1]
HAL_DMA_IRQHandler       0x800'09e9   0xc0  Code  Gb  stm32f0xx_hal_dma.o [1]
HAL_DMA_Init             0x800'0951   0x4c  Code  Gb  stm32f0xx_hal_dma.o [1]
HAL_GPIO_Init            0x800'0c0d  0x152  Code  Gb  stm32f0xx_hal_gpio.o [1]
HAL_GPIO_WritePin        0x800'0d5f    0xc  Code  Gb  stm32f0xx_hal_gpio.o [1]
HAL_GetTick              0x800'2955    0xc  Code  Wk  stm32f0xx_hal.o [1]
HAL_I2CEx_ConfigAnalogFilter
                         0x800'22c1   0x3a  Code  Gb  stm32f0xx_hal_i2c_ex.o [1]
HAL_I2CEx_ConfigDigitalFilter
                         0x800'22fb   0x36  Code  Gb  stm32f0xx_hal_i2c_ex.o [1]
HAL_I2C_Init             0x800'220d   0xa8  Code  Gb  stm32f0xx_hal_i2c.o [1]
HAL_I2C_MspInit          0x800'11a7   0x5a  Code  Gb  i2c.o [1]
HAL_IWDG_Init            0x800'234d   0x4c  Code  Gb  stm32f0xx_hal_iwdg.o [1]
HAL_IncTick              0x800'1b85   0x10  Code  Wk  stm32f0xx_hal.o [1]
HAL_Init                 0x800'0dbd   0x1a  Code  Gb  stm32f0xx_hal.o [1]
HAL_InitTick             0x800'1b99   0x66  Code  Gb  stm32f0xx_hal_timebase_tim.o [1]
HAL_MspInit              0x800'1c15   0x38  Code  Gb  stm32f0xx_hal_msp.o [1]
HAL_NVIC_EnableIRQ       0x800'1c8f   0x12  Code  Gb  stm32f0xx_hal_cortex.o [1]
HAL_NVIC_SetPriority     0x800'1c87    0x8  Code  Gb  stm32f0xx_hal_cortex.o [1]
HAL_RCCEx_PeriphCLKConfig
                         0x800'1a89   0xe4  Code  Gb  stm32f0xx_hal_rcc_ex.o [1]
HAL_RCC_ClockConfig      0x800'18c5   0xfc  Code  Gb  stm32f0xx_hal_rcc.o [1]
HAL_RCC_GetClockConfig   0x800'1a11   0x2e  Code  Gb  stm32f0xx_hal_rcc.o [1]
HAL_RCC_GetPCLK1Freq     0x800'19ed   0x14  Code  Gb  stm32f0xx_hal_rcc.o [1]
HAL_RCC_GetSysClockFreq
                         0x800'19c1   0x2c  Code  Gb  stm32f0xx_hal_rcc.o [1]
HAL_RCC_GetSysClockFreq::aPLLMULFactorTable
                         0x800'1a68   0x10  Data  Lc  stm32f0xx_hal_rcc.o [1]
HAL_RCC_GetSysClockFreq::aPredivFactorTable
                         0x800'1a78   0x10  Data  Lc  stm32f0xx_hal_rcc.o [1]
HAL_RCC_OscConfig        0x800'1511  0x3a6  Code  Gb  stm32f0xx_hal_rcc.o [1]
HAL_TIMEx_BreakCallback
                         0x800'0b93    0x2  Code  Wk  stm32f0xx_hal_tim_ex.o [1]
HAL_TIMEx_CommutCallback
                         0x800'0b97    0x2  Code  Wk  stm32f0xx_hal_tim_ex.o [1]
HAL_TIMEx_MasterConfigSynchronization
                         0x800'0ba9   0x54  Code  Gb  stm32f0xx_hal_tim_ex.o [1]
HAL_TIM_Base_Init        0x800'00c1   0x1e  Code  Gb  stm32f0xx_hal_tim.o [1]
HAL_TIM_Base_MspInit     0x800'08bf   0x20  Code  Gb  tim.o [1]
HAL_TIM_Base_Start_IT    0x800'00df   0x1e  Code  Gb  stm32f0xx_hal_tim.o [1]
HAL_TIM_ConfigClockSource
                         0x800'046d   0xb0  Code  Gb  stm32f0xx_hal_tim.o [1]
HAL_TIM_IRQHandler       0x800'024b  0x152  Code  Gb  stm32f0xx_hal_tim.o [1]
HAL_TIM_MspPostInit      0x800'08df   0x48  Code  Gb  tim.o [1]
HAL_TIM_OnePulse_Init    0x800'0209   0x42  Code  Gb  stm32f0xx_hal_tim.o [1]
HAL_TIM_PWM_ConfigChannel
                         0x800'039d   0xcc  Code  Gb  stm32f0xx_hal_tim.o [1]
HAL_TIM_PWM_Init         0x800'0115   0x1e  Code  Gb  stm32f0xx_hal_tim.o [1]
HAL_TIM_PeriodElapsedCallback
                         0x800'0b79   0x12  Code  Gb  main.o [1]
HAL_UART_IRQHandler      0x800'1d19  0x14a  Code  Gb  stm32f0xx_hal_uart.o [1]
HAL_UART_Init            0x800'1cad   0x56  Code  Gb  stm32f0xx_hal_uart.o [1]
HAL_UART_MspInit         0x800'0ee5  0x22a  Code  Gb  usart.o [1]
HardFault_Handler        0x800'2b5f    0x2  Code  Gb  stm32f0xx_it.o [1]
IR_Task_1Buffer         0x2000'0468  0x200  Data  Gb  freertos.o [1]
IR_Task_1ControlBlock   0x2000'156c   0x54  Data  Gb  freertos.o [1]
IR_Task_1Handle         0x2000'19e4    0x4  Data  Gb  freertos.o [1]
IR_Task_2Buffer         0x2000'0668  0x200  Data  Gb  freertos.o [1]
IR_Task_2ControlBlock   0x2000'15c0   0x54  Data  Gb  freertos.o [1]
IR_Task_2Handle         0x2000'19e8    0x4  Data  Gb  freertos.o [1]
IR_Task_3TaskBuffer     0x2000'0868  0x200  Data  Gb  freertos.o [1]
IR_Task_3TaskControlBlock
                        0x2000'1614   0x54  Data  Gb  freertos.o [1]
IR_Task_3TaskHandle     0x2000'19ec    0x4  Data  Gb  freertos.o [1]
IR_Task_4Task1TaskControlBlock
                        0x2000'1668   0x54  Data  Gb  freertos.o [1]
IR_Task_4TaskBuffer     0x2000'0a68  0x200  Data  Gb  freertos.o [1]
IR_Task_4TaskHandle     0x2000'19f0    0x4  Data  Gb  freertos.o [1]
MX_DMA_Init              0x800'0e51   0x3c  Code  Gb  dma.o [1]
MX_FREERTOS_Init         0x800'1259  0x10a  Code  Gb  freertos.o [1]
MX_GPIO_Init             0x800'0ddd   0x6c  Code  Gb  gpio.o [1]
MX_I2C1_Init             0x800'1159   0x4e  Code  Gb  i2c.o [1]
MX_IWDG_Init             0x800'1215   0x34  Code  Gb  iwdg.o [1]
MX_TIM3_Init             0x800'080d   0xb2  Code  Gb  tim.o [1]
MX_USART1_UART_Init      0x800'0e8d    0x8  Code  Gb  usart.o [1]
MX_USART2_UART_Init      0x800'0e95    0x6  Code  Gb  usart.o [1]
MX_USART3_UART_Init      0x800'0ec5    0x8  Code  Gb  usart.o [1]
MX_USART4_UART_Init      0x800'0ecd    0x8  Code  Gb  usart.o [1]
MX_USART5_UART_Init      0x800'0ed5    0x8  Code  Gb  usart.o [1]
MX_USART6_UART_Init      0x800'0edd    0x8  Code  Gb  usart.o [1]
NMI_Handler              0x800'2b5d    0x2  Code  Gb  stm32f0xx_it.o [1]
PcConectTaskBuffer      0x2000'0c68  0x200  Data  Gb  freertos.o [1]
PcConectTaskControlBlock
                        0x2000'16bc   0x54  Data  Gb  freertos.o [1]
PcConectTaskHandle      0x2000'19f4    0x4  Data  Gb  freertos.o [1]
PendSV_Handler           0x800'2ae7         Code  Gb  portasm.o [1]
RTCHandle               0x2000'19e0    0x4  Data  Gb  freertos.o [1]
RTCTaskBuffer           0x2000'0268  0x200  Data  Gb  freertos.o [1]
RTCTaskControlBlock     0x2000'1518   0x54  Data  Gb  freertos.o [1]
Region$$Table$$Base      0x800'2cc0          --   Gb  - Linker created -
Region$$Table$$Limit     0x800'2ce4          --   Gb  - Linker created -
SVC_Handler              0x800'2b25         Code  Gb  portasm.o [1]
StartDisplayTask         0x800'13a9    0xa  Code  Gb  freertos.o [1]
StartIR_Task_1Task       0x800'1377    0xa  Code  Gb  freertos.o [1]
StartIR_Task_2Task       0x800'1381    0xa  Code  Gb  freertos.o [1]
StartIR_Task_3Task       0x800'138b    0xa  Code  Gb  freertos.o [1]
StartIR_Task_4Task       0x800'1395    0xa  Code  Gb  freertos.o [1]
StartPcConectTask        0x800'139f    0xa  Code  Gb  freertos.o [1]
StartRTCTask             0x800'136d    0xa  Code  Gb  freertos.o [1]
SysTick_Handler          0x800'2aa9   0x20  Code  Gb  port.o [1]
SystemClock_Config       0x800'0b15   0x64  Code  Gb  main.o [1]
SystemCoreClock         0x2000'0010    0x4  Data  Gb  system_stm32f0xx.o [1]
SystemInit               0x800'2d31    0x2  Code  Gb  system_stm32f0xx.o [1]
TIM1_BRK_UP_TRG_COM_IRQHandler
                         0x800'2b75    0xa  Code  Gb  stm32f0xx_it.o [1]
TIM_Base_SetConfig       0x800'052d   0x70  Code  Gb  stm32f0xx_hal_tim.o [1]
TIM_CCxChannelCmd        0x800'07f1   0x1a  Code  Gb  stm32f0xx_hal_tim.o [1]
TIM_ETR_SetConfig        0x800'07ad   0x14  Code  Gb  stm32f0xx_hal_tim.o [1]
TIM_ITRx_SetConfig       0x800'079d   0x10  Code  Lc  stm32f0xx_hal_tim.o [1]
TIM_OC1_SetConfig        0x800'059d   0x74  Code  Lc  stm32f0xx_hal_tim.o [1]
TIM_OC2_SetConfig        0x800'0613   0x68  Code  Gb  stm32f0xx_hal_tim.o [1]
TIM_OC3_SetConfig        0x800'067b   0x64  Code  Lc  stm32f0xx_hal_tim.o [1]
TIM_OC4_SetConfig        0x800'06df   0x52  Code  Lc  stm32f0xx_hal_tim.o [1]
TIM_TI1_ConfigInputStage
                         0x800'0751   0x22  Code  Lc  stm32f0xx_hal_tim.o [1]
TIM_TI2_ConfigInputStage
                         0x800'0773   0x24  Code  Lc  stm32f0xx_hal_tim.o [1]
UARTBinarySem01ControlBlock
                        0x2000'17b0   0x48  Data  Gb  freertos.o [1]
UARTBinarySem01Handle   0x2000'19fc    0x4  Data  Gb  freertos.o [1]
UARTBinarySem02ControlBlock
                        0x2000'17f8   0x48  Data  Gb  freertos.o [1]
UARTBinarySem02Handle   0x2000'1a00    0x4  Data  Gb  freertos.o [1]
UARTBinarySem03ControlBlock
                        0x2000'1840   0x48  Data  Gb  freertos.o [1]
UARTBinarySem03Handle   0x2000'1a04    0x4  Data  Gb  freertos.o [1]
UARTBinarySem04ControlBlock
                        0x2000'1888   0x48  Data  Gb  freertos.o [1]
UARTBinarySem04Handle   0x2000'1a08    0x4  Data  Gb  freertos.o [1]
UARTBinarySem05ControlBlock
                        0x2000'18d0   0x48  Data  Gb  freertos.o [1]
UARTBinarySem05Handle   0x2000'1a0c    0x4  Data  Gb  freertos.o [1]
UARTBinarySem06ControlBlock
                        0x2000'1918   0x48  Data  Gb  freertos.o [1]
UARTBinarySem06Handle   0x2000'1a10    0x4  Data  Gb  freertos.o [1]
UART_AdvFeatureConfig    0x800'1fa9   0xc8  Code  Gb  stm32f0xx_hal_uart.o [1]
UART_CheckIdleState      0x800'2071   0x5e  Code  Gb  stm32f0xx_hal_uart.o [1]
UART_DMAAbortOnError     0x800'21f1   0x14  Code  Lc  stm32f0xx_hal_uart.o [1]
UART_EndRxTransfer       0x800'219d   0x1e  Code  Lc  stm32f0xx_hal_uart.o [1]
UART_SetConfig           0x800'1e69  0x13a  Code  Gb  stm32f0xx_hal_uart.o [1]
UART_WaitOnFlagUntilTimeout
                         0x800'20f1   0xa2  Code  Gb  stm32f0xx_hal_uart.o [1]
USART1_IRQHandler        0x800'2b7f    0xa  Code  Gb  stm32f0xx_it.o [1]
USART2_IRQHandler        0x800'2b89    0xa  Code  Gb  stm32f0xx_it.o [1]
USART3_6_IRQHandler      0x800'2b93   0x1c  Code  Gb  stm32f0xx_it.o [1]
__ICFEDIT_region_RAM_end__ {Abs}
                        0x2000'7fff         Data  Gb  <internal module>
__ICFEDIT_region_RAM_start__ {Abs}
                        0x2000'0000         Data  Gb  <internal module>
__NVIC_SetPriority       0x800'1c4d   0x3a  Code  Lc  stm32f0xx_hal_cortex.o [1]
__aeabi_idiv0            0x800'1b95         Code  Gb  IntDivZer.o [4]
__aeabi_memcpy4          0x800'23a5         Code  Gb  ABImemcpy.o [4]
__aeabi_memcpy8          0x800'23a5         Code  Gb  ABImemcpy.o [4]
__cmain                  0x800'2ce5         Code  Gb  cmain.o [4]
__exit                   0x800'2d1d   0x14  Code  Gb  exit.o [5]
__iar_copy_init3         0x800'2c69   0x30  Code  Gb  copy_init3.o [4]
__iar_data_init3         0x800'2c99   0x28  Code  Gb  data_init.o [4]
__iar_program_start      0x800'2d69         Code  Gb  cstartup_M.o [4]
__iar_small_Memset4_word
                         0x800'0b9d         Code  Gb  ABImemset_small.o [4]
__iar_small_Memset_word
                         0x800'0b9d         Code  Gb  ABImemset_small.o [4]
__iar_small_memclr       0x800'0b99         Code  Gb  ABImemset_small.o [4]
__iar_small_memclr4      0x800'0b99         Code  Gb  ABImemset_small.o [4]
__iar_small_memclr8      0x800'0b99         Code  Gb  ABImemset_small.o [4]
__iar_small_memset       0x800'0b9d         Code  Gb  ABImemset_small.o [4]
__iar_small_memset4      0x800'0b9d         Code  Gb  ABImemset_small.o [4]
__iar_small_memset8      0x800'0b9d         Code  Gb  ABImemset_small.o [4]
__iar_small_uidiv        0x800'0d85         Code  Gb  I32DivMod.o [4]
__iar_small_uidivmod     0x800'0d85         Code  Gb  I32DivMod.o [4]
__iar_zero_init3         0x800'2c2d   0x3c  Code  Gb  zero_init3.o [4]
__low_level_init         0x800'2d03    0x4  Code  Gb  low_level_init.o [2]
__vector_table           0x800'0000         Data  Gb  startup_stm32f030xc.o [1]
_call_main               0x800'2cf1         Code  Gb  cmain.o [4]
_exit                    0x800'2d11         Code  Gb  cexit.o [4]
_main                    0x800'2cff         Code  Gb  cmain.o [4]
exit                     0x800'2d07    0x8  Code  Gb  exit.o [2]
hdma_usart5_rx          0x2000'1190   0x44  Data  Gb  usart.o [1]
hdma_usart5_tx          0x2000'11d4   0x44  Data  Gb  usart.o [1]
hi2c1                   0x2000'1764   0x4c  Data  Gb  i2c.o [1]
hiwdg                   0x2000'1a14   0x10  Data  Gb  iwdg.o [1]
htim1                   0x2000'1960   0x40  Data  Gb  stm32f0xx_hal_timebase_tim.o [1]
htim3                   0x2000'19a0   0x40  Data  Gb  tim.o [1]
huart1                  0x2000'1218   0x80  Data  Gb  usart.o [1]
huart2                  0x2000'1298   0x80  Data  Gb  usart.o [1]
huart3                  0x2000'1318   0x80  Data  Gb  usart.o [1]
huart4                  0x2000'1398   0x80  Data  Gb  usart.o [1]
huart5                  0x2000'1418   0x80  Data  Gb  usart.o [1]
huart6                  0x2000'1498   0x80  Data  Gb  usart.o [1]
main                     0x800'0ad5   0x40  Code  Gb  main.o [1]
makeFreeRtosPriority     0x800'14a9    0xc  Code  Lc  cmsis_os.o [1]
osDelay                  0x800'14e5   0x10  Code  Gb  cmsis_os.o [1]
osKernelStart            0x800'14b5    0xa  Code  Gb  cmsis_os.o [1]
osSemaphoreCreate        0x800'14f5   0x1c  Code  Gb  cmsis_os.o [1]
osThreadCreate           0x800'14bf   0x26  Code  Gb  cmsis_os.o [1]
prvAddCurrentTaskToDelayedList
                         0x800'282d   0x54  Code  Lc  tasks.o [1]
prvAddNewTaskToReadyList
                         0x800'24a1   0xac  Code  Lc  tasks.o [1]
prvIdleTask              0x800'27d1   0x38  Code  Lc  tasks.o [1]
prvInitialiseNewQueue    0x800'293b   0x1a  Code  Lc  queue.o [1]
prvInitialiseNewTask     0x800'2421   0x80  Code  Lc  tasks.o [1]
prvResetNextTaskUnblockTime
                         0x800'2809   0x1c  Code  Lc  tasks.o [1]
prvTaskExitError         0x800'2a19   0x14  Code  Lc  port.o [1]
pxCurrentTCB            0x2000'1090    0x4  Data  Gb  tasks.o [1]
pxDelayedTaskList       0x2000'1094    0x4  Data  Lc  tasks.o [1]
pxOverflowDelayedTaskList
                        0x2000'1098    0x4  Data  Lc  tasks.o [1]
pxPortInitialiseStack    0x800'29fd   0x1a  Code  Gb  port.o [1]
pxReadyTasksLists       0x2000'1104   0x8c  Data  Lc  tasks.o [1]
ulSetInterruptMaskFromISR
                         0x800'2b49         Code  Gb  portasm.o [1]
uwTick                  0x2000'0008    0x4  Data  Gb  stm32f0xx_hal.o [1]
uwTickFreq              0x2000'0004    0x1  Data  Gb  stm32f0xx_hal.o [1]
uwTickPrio              0x2000'000c    0x4  Data  Gb  stm32f0xx_hal.o [1]
uxCriticalNesting       0x2000'0000    0x4  Data  Lc  port.o [1]
uxCurrentNumberOfTasks  0x2000'10b4    0x4  Data  Lc  tasks.o [1]
uxDeletedTasksWaitingCleanUp
                        0x2000'109c    0x4  Data  Lc  tasks.o [1]
uxListRemove             0x800'29d5   0x26  Code  Gb  list.o [1]
uxPendedTicks           0x2000'10c4    0x4  Data  Lc  tasks.o [1]
uxSchedulerSuspended    0x2000'10d8    0x4  Data  Lc  tasks.o [1]
uxTaskNumber            0x2000'10d0    0x4  Data  Lc  tasks.o [1]
uxTopReadyPriority      0x2000'10bc    0x4  Data  Lc  tasks.o [1]
vApplicationGetIdleTaskMemory
                         0x800'1249   0x10  Code  Gb  freertos.o [1]
vClearInterruptMaskFromISR
                         0x800'2b51         Code  Gb  portasm.o [1]
vListInitialise          0x800'2965   0x1e  Code  Gb  list.o [1]
vListInitialiseItem      0x800'2983    0x6  Code  Gb  list.o [1]
vListInsert              0x800'29a1   0x34  Code  Gb  list.o [1]
vListInsertEnd           0x800'2989   0x18  Code  Gb  list.o [1]
vPortEnterCritical       0x800'2a79    0xc  Code  Gb  port.o [1]
vPortExitCritical        0x800'2a91   0x18  Code  Gb  port.o [1]
vPortStartFirstTask      0x800'2b27         Code  Gb  portasm.o [1]
vPortYield               0x800'2a6d    0xa  Code  Gb  port.o [1]
vSetMSP                  0x800'2ae1         Code  Gb  portasm.o [1]
vTaskDelay               0x800'254d   0x2c  Code  Gb  tasks.o [1]
vTaskStartScheduler      0x800'2581   0x48  Code  Gb  tasks.o [1]
vTaskSwitchContext       0x800'2725   0x4a  Code  Gb  tasks.o [1]
xDelayedTaskList1       0x2000'10dc   0x14  Data  Lc  tasks.o [1]
xDelayedTaskList2       0x2000'10f0   0x14  Data  Lc  tasks.o [1]
xIdleStack              0x2000'0068  0x200  Data  Lc  freertos.o [1]
xIdleTaskTCBBuffer      0x2000'0014   0x54  Data  Lc  freertos.o [1]
xNextTaskUnblockTime    0x2000'10d4    0x4  Data  Lc  tasks.o [1]
xNumOfOverflows         0x2000'10cc    0x4  Data  Lc  tasks.o [1]
xPendingReadyList       0x2000'1068   0x14  Data  Lc  tasks.o [1]
xPortStartScheduler      0x800'2a2d   0x40  Code  Gb  port.o [1]
xQueueGenericCreateStatic
                         0x800'28f9   0x42  Code  Gb  queue.o [1]
xQueueGenericReset       0x800'2885   0x74  Code  Gb  queue.o [1]
xSchedulerRunning       0x2000'10c0    0x4  Data  Lc  tasks.o [1]
xSuspendedTaskList      0x2000'10a0   0x14  Data  Lc  tasks.o [1]
xTaskCreateStatic        0x800'23d9   0x46  Code  Gb  tasks.o [1]
xTaskIncrementTick       0x800'266d   0xb4  Code  Gb  tasks.o [1]
xTaskRemoveFromEventList
                         0x800'2775   0x58  Code  Gb  tasks.o [1]
xTaskResumeAll           0x800'25d1   0x9c  Code  Gb  tasks.o [1]
xTasksWaitingTermination
                        0x2000'107c   0x14  Data  Lc  tasks.o [1]
xTickCount              0x2000'10b8    0x4  Data  Lc  tasks.o [1]
xYieldPending           0x2000'10c8    0x4  Data  Lc  tasks.o [1]


[1] = G:\C_file\GNNC_File\STM32F030CCT6_IR_ARRAY\EWARM\STM32F030CCT6_IR_ARRAY\Obj
[2] = dl6M_tlf.a
[3] = m6M_tl.a
[4] = rt6M_tl.a
[5] = shb_l.a

  11 520 bytes of readonly  code memory
     152 bytes of readonly  data memory
   7 716 bytes of readwrite data memory

Errors: none
Warnings: none
